// Jest Snapshot v1, https://goo.gl/fbAQLP

exports[`renders a title 1`] = `
<div>
  <div>
    <h1>
      Palette
    </h1>
  </div>
</div>
`;
