// Jest Snapshot v1, https://goo.gl/fbAQLP

exports[`generates a palette filled with #000000 1`] = `
Array [
  Array [
    "#000000",
    "#000000",
    "#000000",
    "#000000",
  ],
  Array [
    "#000000",
    "#000000",
    "#000000",
    "#000000",
  ],
  Array [
    "#000000",
    "#000000",
    "#000000",
    "#000000",
  ],
  Array [
    "#000000",
    "#000000",
    "#000000",
    "#000000",
  ],
]
`;
